
> evo-harness-frontend@1.0.0 build D:\Project\game\evo-harness\frontend
> tsc && vite build

[36mvite v5.4.21 [32mbuilding for production...[36m[39m
transforming...
[32m鉁?[39m 3209 modules transformed.
rendering chunks...
pnpm : [33mwarnings when minifying css:
所在位置 行:1 字符: 1
+ pnpm build 2>&1 | Out-File -Encoding utf8 "d:\Project\game\evo-harnes ...
+ ~~~~~~~~~~~~~~~
    + CategoryInfo          : NotSpecified: ([33mwarnings when minifying css: 
   :String) [], RemoteException
    + FullyQualifiedErrorId : NativeCommandError
 
鈻?[WARNING] "file" is not a known CSS property [unsupported-css-property]

    <stdin>:3549:2:
      3549 鈹?  file: 10-20;
           鈹?  ~~~~
           鈺?  flex

  Did you mean "flex" instead?

[39m
[1m[33m[plugin:vite:reporter][39m[22m [33m[plugin vite:reporter] 
(!) D:/Project/game/evo-harness/frontend/src/stores/agentStore.ts is dynamicall
y imported by D:/Project/game/evo-harness/frontend/src/lib/fs/source-scanner.ts
 but also statically imported by D:/Project/game/evo-harness/frontend/src/compo
nents/chat/inputs/AgentMentionPopover.tsx, D:/Project/game/evo-harness/frontend
/src/components/chat/inputs/ChatInput.tsx, D:/Project/game/evo-harness/frontend
/src/components/chat/layout/AgentManagerDialog.tsx, D:/Project/game/evo-harness
/frontend/src/components/chat/layout/SessionSidebar.tsx, D:/Project/game/evo-ha
rness/frontend/src/components/chat/panels/ChatWindow.tsx, D:/Project/game/evo-h
arness/frontend/src/hooks/useSourceConfigSync.ts, D:/Project/game/evo-harness/f
rontend/src/pages/agents.tsx, D:/Project/game/evo-harness/frontend/src/pages/se
ttings/SourcesSettingsView.tsx, D:/Project/game/evo-harness/frontend/src/stores
/analysisStore.ts, dynamic import will not move module into another chunk.
[39m
[1m[33m[plugin:vite:reporter][39m[22m [33m[plugin vite:reporter] 
(!) D:/Project/game/evo-harness/frontend/src/stores/skillStore.ts is dynamicall
y imported by D:/Project/game/evo-harness/frontend/src/lib/fs/source-scanner.ts
 but also statically imported by D:/Project/game/evo-harness/frontend/src/compo
nents/chat/dialogs/SkillSelectDialog.tsx, D:/Project/game/evo-harness/frontend/
src/components/chat/hooks/useChatStreaming.ts, D:/Project/game/evo-harness/fron
tend/src/components/chat/inputs/ChatInput.tsx, D:/Project/game/evo-harness/fron
tend/src/components/chat/inputs/SkillMentionPopover.tsx, D:/Project/game/evo-ha
rness/frontend/src/components/chat/layout/AgentManagerDialog.tsx, D:/Project/ga
me/evo-harness/frontend/src/components/chat/layout/SessionSidebar.tsx, D:/Proje
ct/game/evo-harness/frontend/src/components/chat/panels/ChatWindow.tsx, D:/Proj
ect/game/evo-harness/frontend/src/hooks/useSourceConfigSync.ts, D:/Project/game
/evo-harness/frontend/src/lib/tools/builtin/skillTools.ts, D:/Project/game/evo-
harness/frontend/src/lib/tools/registry.ts, D:/Project/game/evo-harness/fronten
d/src/pages/settings/SourcesSettingsView.tsx, D:/Project/game/evo-harness/front
end/src/stores/analysisStore.ts, dynamic import will not move module into anoth
er chunk.
[39m
[1m[33m[plugin:vite:reporter][39m[22m [33m[plugin vite:reporter] 
(!) D:/Project/game/evo-harness/frontend/src/lib/fs/nodeAdapter.ts is dynamical
ly imported by D:/Project/game/evo-harness/frontend/src/lib/fs/node-source-scan
ner.ts, D:/Project/game/evo-harness/frontend/src/lib/fs/node-source-scanner.ts 
but also statically imported by D:/Project/game/evo-harness/frontend/src/lib/fs
/node-source-scanner.ts, D:/Project/game/evo-harness/frontend/src/lib/fs/projec
t-file-service.ts, D:/Project/game/evo-harness/frontend/src/lib/fs/source-scann
er.ts, D:/Project/game/evo-harness/frontend/src/lib/hostServices/FileService.ts
, dynamic import will not move module into another chunk.
[39m
[1m[33m[plugin:vite:reporter][39m[22m [33m[plugin vite:reporter] 
(!) D:/Project/game/evo-harness/frontend/src/components/agent/AgentOrchestratio
nGraph.tsx is dynamically imported by D:/Project/game/evo-harness/frontend/src/
components/agent/LazyAgentGraph.tsx but also statically imported by D:/Project/
game/evo-harness/frontend/src/components/chat/panels/ChatWindow.tsx, dynamic im
port will not move module into another chunk.
[39m
[1m[33m[plugin:vite:reporter][39m[22m [33m[plugin vite:reporter] 
(!) D:/Project/game/evo-harness/frontend/src/lib/devLog.ts is dynamically impor
ted by D:/Project/game/evo-harness/frontend/src/components/chat/layout/FileTree
Sidebar.tsx, D:/Project/game/evo-harness/frontend/src/components/chat/layout/Fi
leTreeSidebar.tsx, D:/Project/game/evo-harness/frontend/src/components/chat/lay
out/FileTreeSidebar.tsx but also statically imported by D:/Project/game/evo-har
ness/frontend/src/components/chat/hooks/streaming/streamingSession.ts, D:/Proje
ct/game/evo-harness/frontend/src/components/chat/hooks/useChatStreaming.ts, D:/
Project/game/evo-harness/frontend/src/lib/chat/stream.ts, D:/Project/game/evo-h
arness/frontend/src/lib/tools/builtin/fileTools.ts, D:/Project/game/evo-harness
/frontend/src/lib/tools/builtin/metaTools.ts, D:/Project/game/evo-harness/front
end/src/lib/tools/registry.ts, D:/Project/game/evo-harness/frontend/src/stores/
chatStore.ts, D:/Project/game/evo-harness/frontend/src/stores/debugLogStore.ts,
 dynamic import will not move module into another chunk.
[39m
[1m[33m[plugin:vite:reporter][39m[22m [33m[plugin vite:reporter] 
(!) D:/Project/game/evo-harness/frontend/src/lib/fs/project-file-service.ts is 
dynamically imported by D:/Project/game/evo-harness/frontend/src/stores/analysi
sStore.ts, D:/Project/game/evo-harness/frontend/src/stores/analysisStore.ts, D:
/Project/game/evo-harness/frontend/src/stores/analysisStore.ts but also statica
lly imported by D:/Project/game/evo-harness/frontend/src/components/chat/panels
/ChatWindow.tsx, D:/Project/game/evo-harness/frontend/src/components/file/FileM
entionPopover.tsx, D:/Project/game/evo-harness/frontend/src/components/file/Fil
ePreview.tsx, D:/Project/game/evo-harness/frontend/src/components/file/ProjectS
elector.tsx, D:/Project/game/evo-harness/frontend/src/hooks/useProjectFiles.ts,
 dynamic import will not move module into another chunk.
[39m
[1m[33m[plugin:vite:reporter][39m[22m [33m[plugin vite:reporter] 
(!) D:/Project/game/evo-harness/frontend/src/lib/tools/registry.ts is dynamical
ly imported by D:/Project/game/evo-harness/frontend/src/lib/tools/builtin/metaT
ools.ts but also statically imported by D:/Project/game/evo-harness/frontend/sr
c/components/chat/dialogs/ToolGrantDialog.tsx, D:/Project/game/evo-harness/fron
tend/src/components/chat/dialogs/ToolSelectDialog.tsx, D:/Project/game/evo-harn
ess/frontend/src/components/chat/hooks/streaming/streamingSession.ts, D:/Projec
t/game/evo-harness/frontend/src/components/chat/hooks/useChatStreaming.ts, D:/P
roject/game/evo-harness/frontend/src/components/chat/panels/ChatWindow.tsx, dyn
amic import will not move module into another chunk.
[39m
[1m[33m[plugin:vite:reporter][39m[22m [33m[plugin vite:reporter] 
(!) D:/Project/game/evo-harness/frontend/src/lib/hostServices/ChatService.ts is
 dynamically imported by D:/Project/game/evo-harness/frontend/src/components/ch
at/hooks/useChatStreaming.ts but also statically imported by D:/Project/game/ev
o-harness/frontend/src/components/chat/hooks/streaming/streamingSession.ts, D:/
Project/game/evo-harness/frontend/src/components/chat/hooks/useChatStreaming.ts
, D:/Project/game/evo-harness/frontend/src/pages/video/hooks/useVideoAI.ts, dyn
amic import will not move module into another chunk.
[39m
computing gzip size...
[2mdist/[22m[32mindex.html                         [39m[1m[2m    0.67 kB[22m[1m[22m[2m 鈹?gzip:   0.48 kB[22m
[2mdist/[22m[35massets/index-BktypWmY.css          [39m[1m[2m   84.46 kB[22m[1m[22m[2m 鈹?gzip:  14.57 kB[22m
[2mdist/[22m[36massets/FileService-yooLtshS.js     [39m[1m[2m    4.08 kB[22m[1m[22m[2m 鈹?gzip:   1.95 kB[22m[2m 鈹?map:    18.14 kB[22m
[2mdist/[22m[36massets/CustomTitleBar-CmJW7DWT.js  [39m[1m[2m    6.14 kB[22m[1m[22m[2m 鈹?gzip:   2.20 kB[22m[2m 鈹?map:    20.19 kB[22m
[2mdist/[22m[36massets/ui-DZ4_5HNK.js              [39m[1m[2m   84.17 kB[22m[1m[22m[2m 鈹?gzip:  29.28 kB[22m[2m 鈹?map:   446.10 kB[22m
[2mdist/[22m[36massets/vendor-DYFwrszS.js          [39m[1m[2m  161.40 kB[22m[1m[22m[2m 鈹?gzip:  52.79 kB[22m[2m 鈹?map:   703.06 kB[22m
[2mdist/[22m[36massets/index-l7x9s31v.js           [39m[1m[33m1,651.62 kB[39m[22m[2m 鈹?gzip: 537.44 kB[22m[2m 鈹?map: 5,218.32 kB[22m
[33m
(!) Some chunks are larger than 500 kB after minification. Consider:
- Using dynamic import() to code-split the application
- Use build.rollupOptions.output.manualChunks to improve chunking: https://roll
upjs.org/configuration-options/#output-manualchunks
- Adjust chunk size limit for this warning via build.chunkSizeWarningLimit.[39
m
[32m鉁?built in 12.87s[39m
